
Memory Configuration

Name             Origin             Length             Attributes
mem              0x000000008000d290 0x0000000000001000
*default*        0x0000000000000000 0xffffffffffffffff

Linker script and memory map

                0x0000000000010000                //_STACK_SIZE = DEFINED (_STACK_SIZE)?_STACK_SIZE:0x10000
                0x0000000000010000                //_HEAP_SIZE = DEFINED (_HEAP_SIZE)?_HEAP_SIZE:0x10000

.text           0x000000008000d290      0x138
                0x000000008000d290                __exploit_start = .
 *(.text)
 .text          0x000000008000d290      0x138 work/c_payload.o
                0x000000008000d290                payload
 *(.text.*)

.init
 *(.init)

.fini
 *(.fini)

.rodata         0x000000008000d3c8      0x1ab
                0x000000008000d3c8                __rodata_start = .
 *(.rodata)
 .rodata        0x000000008000d3c8      0x1ab work/c_payload.o
 *(.rodata.*)
 *(.gnu.linkonce.r.*)
                0x000000008000d573                __rodata_end = .

.rela.dyn       0x000000008000d574        0x0
 .rela.text     0x000000008000d574        0x0 work/c_payload.o

.sbss           0x000000008000d573        0x0
                0x000000008000d573                __sbss_start = .
 *(.sbss)
 *(.sbss.*)
 *(.gnu.linkonce.sb.*)
                0x000000008000d573                __sbss_end = .

.sdata          0x000000008000d573        0x0
                0x000000008000dd73                _gp = (. + 0x800)
 *(.srodata.cst16)
 *(.srodata.cst8)
 *(.srodata.cst4)
 *(.srodata.cst2)
 *(.srodata*)
 *(.sdata .sdata.* .gnu.linkonce.s.*)

.sbss2          0x000000008000d573        0x0
                0x000000008000d573                __sbss2_start = .
 *(.sbss2)
 *(.sbss2.*)
 *(.gnu.linkonce.sb2.*)
                0x000000008000d573                __sbss2_end = .

.data           0x000000008000d573        0x5
                0x000000008000d578                . = ALIGN (0x8)
 *fill*         0x000000008000d573        0x5 
                0x000000008000d578                __data_start = .
 *(.data)
 .data          0x000000008000d578        0x0 work/c_payload.o
 *(.data.*)
 *(.gnu.linkonce.d.*)
                0x000000008000d578                __data_end = .

.bss            0x000000008000d578        0x0
                0x000000008000d578                . = ALIGN (0x8)
                0x000000008000d578                __bss_start = .
 *(.bss)
 .bss           0x000000008000d578        0x0 work/c_payload.o
 *(.bss.*)
 *(.gnu.linkonce.b.*)
 *(COMMON)
                0x000000008000d578                . = ALIGN (0x4)
                0x000000008000d578                __bss_end = .
                0x000000008000d578                __exploit_end = .
                0x000000008000ce90                __bss_data_end = 0x8000ce90
                0x0000000080000444                __bss_data_start = 0x80000444
                0x000000008000ce90                tgt__bss_end = 0x8000ce90
                0x0000000080000468                tgt__bss_start = 0x80000468
                0x000000006002a478                __call_exitprocs = 0x6002a478
                0x000000006002b3ac                __clz_tab = 0x6002b3ac
                0x00000000600200fc                copy_block = 0x600200fc
                0x000000006002b2a8                _ctype_ = 0x6002b2a8
                0x0000000080000440                __ctype_ptr__ = 0x80000440
                0x0000000080000444                tgt__data_end = 0x80000444
                0x0000000080000000                tgt__data_start = 0x80000000
                0x0000000060027e08                dbprintf = 0x60027e08
                0x000000008000d290                tgt_end = 0x8000d290
                0x0000000080000464                errno = 0x80000464
                0x00000000600222bc                eTaskGetState = 0x600222bc
                0x0000000060026814                ExecCmd = 0x60026814
                0x0000000060029d40                exit = 0x60029d40
                0x00000000600280b8                _exit = 0x600280b8
                0x00000000600200ec                fill_block = 0x600200ec
                0x000000006002b5c0                __flash_data_start = 0x6002b5c0
                0x0000000060026c90                getGreenTimeMs = 0x60026c90
                0x0000000060027888                getint = 0x60027888
                0x00000000600277e4                getuint = 0x600277e4
                0x0000000060026ca0                getWaitTimeMs = 0x60026ca0
                0x0000000080000450                g_gpio0 = 0x80000450
                0x000000008000ce74                g_gpio1 = 0x8000ce74
                0x0000000080000438                _global_impure_ptr = 0x80000438
                0x000000006002bdc0                tgt_gp = 0x6002bdc0
                0x00000000600292b0                GPIO_clear_irq = 0x600292b0
                0x00000000600289e8                GPIO_config = 0x600289e8
                0x000000006002923c                GPIO_disable_irq = 0x6002923c
                0x000000006002908c                GPIO_drive_inout = 0x6002908c
                0x00000000600291c8                GPIO_enable_irq = 0x600291c8
                0x0000000060028b84                GPIO_get_inputs = 0x60028b84
                0x0000000060028cf0                GPIO_get_outputs = 0x60028cf0
                0x0000000060028880                GPIO_init = 0x60028880
                0x0000000060028e5c                GPIO_set_output = 0x60028e5c
                0x0000000060028a44                GPIO_set_outputs = 0x60028a44
                0x000000008000ce7c                g_plic = 0x8000ce7c
                0x0000000080000430                greenTimeMs = 0x80000430
                0x000000008000ce70                g_timer0 = 0x8000ce70
                0x000000008000045c                g_uart = 0x8000045c
                0x0000000060026b60                HandleCmd = 0x60026b60
                0x0000000060020264                handle_interrupt = 0x60020264
                0x0000000060028340                handle_trap = 0x60028340
                0x000000008000ce90                tgt_heap = 0x8000ce90
                0x000000008000ce90                tgt_heap_end = 0x8000ce90
                0x0000000000000000                tgt_HEAP_SIZE = 0x0
                0x000000008000ce90                tgt_heap_start = 0x8000ce90
                0x0000000080000428                heapSTRUCT_SIZE = 0x80000428
                0x0000000060029b00                HW_get_16bit_reg = 0x60029b00
                0x0000000060029bc8                HW_get_16bit_reg_field = 0x60029bc8
                0x00000000600299f8                HW_get_32bit_reg = 0x600299f8
                0x0000000060029a88                HW_get_32bit_reg_field = 0x60029a88
                0x0000000060029c48                HW_get_8bit_reg = 0x60029c48
                0x0000000060029cf4                HW_get_8bit_reg_field = 0x60029cf4
                0x0000000060029acc                HW_set_16bit_reg = 0x60029acc
                0x0000000060029b2c                HW_set_16bit_reg_field = 0x60029b2c
                0x00000000600299cc                HW_set_32bit_reg = 0x600299cc
                0x0000000060029a1c                HW_set_32bit_reg_field = 0x60029a1c
                0x0000000060029c18                HW_set_8bit_reg = 0x60029c18
                0x0000000060029c70                HW_set_8bit_reg_field = 0x60029c70
                0x0000000080000000                impure_data = 0x80000000
                0x000000008000043c                _impure_ptr = 0x8000043c
                0x0000000060028380                _init = 0x60028380
                0x00000000600200ac                init_bss = 0x600200ac
                0x0000000060026590                InitCmdHandlerTask = 0x60026590
                0x00000000600200c4                init_data = 0x600200c4
                0x0000000060027008                initLeds = 0x60027008
                0x0000000060026cb0                InitTunnelTask = 0x60026cb0
                0x0000000060028144                isatty = 0x60028144
                0x0000000060026fdc                ledOff = 0x60026fdc
                0x0000000060026fb4                ledOn = 0x60026fb4
                0x0000000080000458                led_state = 0x80000458
                0x00000000600264f0                main = 0x600264f0
                0x0000000060027f8c                mdump = 0x60027f8c
                0x0000000060029d74                memcpy = 0x60029d74
                0x0000000060029e90                memset = 0x60029e90
                0x000000006002000c                _mstart = 0x6002000c
                0x0000000060020004                nmi_vector = 0x60020004
                0x0000000060024f28                pcTimerGetTimerName = 0x60024f28
                0x0000000060029924                PLIC_claim_interrupt = 0x60029924
                0x0000000060029974                PLIC_complete_interrupt = 0x60029974
                0x0000000060029834                PLIC_disable_interrupt = 0x60029834
                0x000000006002979c                PLIC_enable_interrupt = 0x6002979c
                0x0000000060029668                PLIC_init = 0x60029668
                0x00000000600298d8                PLIC_set_priority = 0x600298d8
                0x0000000060029748                PLIC_set_threshold = 0x60029748
                0x0000000060027da4                printf = 0x60027da4
                0x0000000060027634                printnum = 0x60027634
                0x0000000060023ab0                prvAddCurrentTaskToDelayedList = 0x60023ab0
                0x0000000060023b4c                prvAllocateTCBAndStack = 0x60023b4c
                0x0000000060025588                prvCheckForValidListAndQueue = 0x60025588
                0x0000000060023a08                prvCheckTasksWaitingTermination = 0x60023a08
                0x00000000600219bc                prvCopyDataFromQueue = 0x600219bc
                0x0000000060021838                prvCopyDataToQueue = 0x60021838
                0x0000000060023e68                prvDeleteTCB = 0x60023e68
                0x0000000060025110                prvGetNextExpireTime = 0x60025110
                0x0000000060026204                prvHeapInit = 0x60026204
                0x00000000600237f4                prvIdleTask = 0x600237f4
                0x000000006002394c                prvInitialiseTaskLists = 0x6002394c
                0x0000000060023820                prvInitialiseTCBVariables = 0x60023820
                0x00000000600251d0                prvInsertTimerInActiveList = 0x600251d0
                0x0000000060021b34                prvIsQueueEmpty = 0x60021b34
                0x0000000060021bbc                prvIsQueueFull = 0x60021bbc
                0x0000000060023c00                prvListTaskWithinSingleList = 0x60023c00
                0x0000000060024f5c                prvProcessExpiredTimer = 0x60024f5c
                0x00000000600252a8                prvProcessReceivedCommands = 0x600252a8
                0x0000000060025050                prvProcessTimerOrBlockTask = 0x60025050
                0x0000000060023e9c                prvResetNextTaskUnblockTime = 0x60023e9c
                0x0000000060025170                prvSampleTimeNow = 0x60025170
                0x0000000060025458                prvSwitchTimerLists = 0x60025458
                0x0000000060023e0c                prvTaskCheckFreeStackSpace = 0x60023e0c
                0x0000000060026358                prvTaskExitError = 0x60026358
                0x000000006002273c                prvTaskIsTaskSuspended = 0x6002273c
                0x0000000060025ea0                prvTestWaitCondition = 0x60025ea0
                0x000000006002501c                prvTimerTask = 0x6002501c
                0x0000000060021a48                prvUnlockQueue = 0x60021a48
                0x000000006002425c                prvWriteNameToBuffer = 0x6002425c
                0x00000000600275c4                putchar = 0x600275c4
                0x00000000600275f8                puts = 0x600275f8
                0x0000000060025f40                pvPortMalloc = 0x60025f40
                0x00000000600244c8                pvTaskIncrementMutexHeldCount = 0x600244c8
                0x0000000060025694                pvTimerGetTimerID = 0x60025694
                0x0000000080000444                pxCurrentTCB = 0x80000444
                0x00000000800005cc                pxCurrentTimerList = 0x800005cc
                0x0000000080000534                pxDelayedTaskList = 0x80000534
                0x0000000080000538                pxOverflowDelayedTaskList = 0x80000538
                0x00000000800005d0                pxOverflowTimerList = 0x800005d0
                0x00000000600263b4                pxPortInitialiseStack = 0x600263b4
                0x00000000800004a8                pxReadyTasksLists = 0x800004a8
                0x0000000060028188                read = 0x60028188
                0x00000000600265f0                ReceiveCmd = 0x600265f0
                0x0000000060020138                return_trap = 0x60020138
                0x000000006002b4b0                tgt__rodata_end = 0x6002b4b0
                0x000000006002ae88                tgt__rodata_start = 0x6002ae88
                0x0000000080000468                tgt__sbss_end = 0x80000468
                0x0000000080000444                tgt__sbss_start = 0x80000444
                0x000000006002652c                serial_putchr = 0x6002652c
                0x0000000060026c50                setGreenTimeMs = 0x60026c50
                0x0000000060027190                setLed = 0x60027190
                0x0000000060027220                setLeds = 0x60027220
                0x0000000060026cf4                setTraficLight = 0x60026cf4
                0x0000000060026c70                setWaitTimeMs = 0x60026c70
                0x0000000060026740                SplitCmd = 0x60026740
                0x0000000060027eb8                sprintf = 0x60027eb8
                0x0000000060027e6c                sprintf_putch.2409 = 0x60027e6c
                0x000000006002b5c0                __srodata_end = 0x6002b5c0
                0x000000006002b5c0                __srodata_start = 0x6002b5c0
                0x000000008000d290                tgt_stack = 0x8000d290
                0x000000008000d290                tgt__stack = 0x8000d290
                0x000000008000ce90                tgt_stack_end = 0x8000ce90
                0x0000000000000400                tgt_STACK_SIZE = 0x400
                0x0000000060020000                _start = 0x60020000
                0x0000000060029f6c                strcmp = 0x60029f6c
                0x000000006002a0e8                strcpy = 0x6002a0e8
                0x000000006002a18c                strlen = 0x6002a18c
                0x000000006002a224                strnlen = 0x6002a224
                0x000000006002a460                strtoul = 0x6002a460
                0x000000006002a25c                _strtoul_r = 0x6002a25c
                0x0000000060028120                stub = 0x60028120
                0x0000000060029578                TMR_clear_int = 0x60029578
                0x00000000600295ac                TMR_current_value = 0x600295ac
                0x000000006002953c                TMR_enable_int = 0x6002953c
                0x00000000600293d8                TMR_init = 0x600293d8
                0x00000000600295e8                TMR_reload = 0x600295e8
                0x00000000600294c4                TMR_start = 0x600294c4
                0x0000000060029500                TMR_stop = 0x60029500
                0x0000000060020114                trap_entry = 0x60020114
                0x0000000060020008                trap_vector = 0x60020008
                0x00000000600285a0                UART_fill_tx_fifo = 0x600285a0
                0x0000000060028670                UART_get_rx = 0x60028670
                0x0000000060028838                UART_get_rx_status = 0x60028838
                0x00000000600283e8                UART_init = 0x600283e8
                0x0000000060028794                UART_polled_tx_string = 0x60028794
                0x00000000600264cc                UartRxRdyHandler = 0x600264cc
                0x00000000600284f8                UART_send = 0x600284f8
                0x00000000800005dc                ucHeap = 0x800005dc
                0x000000006002181c                ucQueueGetQueueType = 0x6002181c
                0x000000006002a5f8                __udivdi3 = 0x6002a5f8
                0x00000000600244f8                ulTaskNotifyTake = 0x600244f8
                0x000000006002aa60                __umoddi3 = 0x6002aa60
                0x000000008000ce6c                uxCriticalNesting = 0x8000ce6c
                0x000000008000057c                uxCurrentNumberOfTasks = 0x8000057c
                0x0000000060025f04                uxEventGroupGetNumber = 0x60025f04
                0x0000000060020858                uxListRemove = 0x60020858
                0x000000008000058c                uxPendedTicks = 0x8000058c
                0x00000000600217dc                uxQueueGetQueueNumber = 0x600217dc
                0x00000000600216c8                uxQueueMessagesWaiting = 0x600216c8
                0x0000000060021764                uxQueueMessagesWaitingFromISR = 0x60021764
                0x000000006002170c                uxQueueSpacesAvailable = 0x6002170c
                0x00000000800005a0                uxSchedulerSuspended = 0x800005a0
                0x0000000060022cc0                uxTaskGetNumberOfTasks = 0x60022cc0
                0x0000000060022cd0                uxTaskGetSystemState = 0x60022cd0
                0x0000000060023784                uxTaskGetTaskNumber = 0x60023784
                0x0000000080000598                uxTaskNumber = 0x80000598
                0x00000000600223a4                uxTaskPriorityGet = 0x600223a4
                0x00000000600223f4                uxTaskPriorityGetFromISR = 0x600223f4
                0x0000000060024484                uxTaskResetEventItemValue = 0x60024484
                0x0000000080000564                uxTasksDeleted = 0x80000564
                0x0000000080000584                uxTopReadyPriority = 0x80000584
                0x0000000060026c1c                vApplicationIdleHook = 0x60026c1c
                0x0000000060026c00                vApplicationMallocFailedHook = 0x60026c00
                0x0000000060026c24                vApplicationStackOverflowHook = 0x60026c24
                0x0000000060026be0                vCmdHandlerTask = 0x60026be0
                0x0000000060026e50                vCreateLedTasks = 0x60026e50
                0x000000008000044c                verbose = 0x8000044c
                0x0000000060025e74                vEventGroupClearBitsCallback = 0x60025e74
                0x0000000060025dc8                vEventGroupDelete = 0x60025dc8
                0x0000000060025e48                vEventGroupSetBitsCallback = 0x60025e48
                0x0000000060027934                vFormatPrintString = 0x60027934
                0x0000000060026e94                vLedPwmTask = 0x60026e94
                0x00000000600206a0                vListInitialise = 0x600206a0
                0x00000000600206f8                vListInitialiseItem = 0x600206f8
                0x0000000060020790                vListInsert = 0x60020790
                0x0000000060020714                vListInsertEnd = 0x60020714
                0x000000006002961c                volatile_memzero = 0x6002961c
                0x0000000060026378                vPortClearInterruptMask = 0x60026378
                0x00000000600204e0                vPortEndScheduler = 0x600204e0
                0x0000000060026128                vPortFree = 0x60026128
                0x00000000600261fc                vPortInitialiseBlocks = 0x600261fc
                0x0000000060026470                vPortInterruptHandler = 0x60026470
                0x0000000060026394                vPortSetInterruptMask = 0x60026394
                0x0000000060026280                vPortSetupTimer = 0x60026280
                0x000000006002643c                vPortSysTickHandler = 0x6002643c
                0x0000000060020568                vPortYield = 0x60020568
                0x0000000060021c54                vQueueAddToRegistry = 0x60021c54
                0x0000000060021798                vQueueDelete = 0x60021798
                0x00000000600217f8                vQueueSetQueueNumber = 0x600217f8
                0x0000000060021ce4                vQueueUnregisterQueue = 0x60021ce4
                0x0000000060021d54                vQueueWaitForMessageRestricted = 0x60021d54
                0x00000000600274c8                vSerialClose = 0x600274c8
                0x00000000600273b8                vSerialPutString = 0x600273b8
                0x00000000600274dc                vSerialRXTask = 0x600274dc
                0x000000006002756c                vSerialTxTask = 0x6002756c
                0x0000000060022238                vTaskDelay = 0x60022238
                0x000000006002211c                vTaskDelayUntil = 0x6002211c
                0x000000006002202c                vTaskDelete = 0x6002202c
                0x0000000060022a7c                vTaskEndScheduler = 0x60022a7c
                0x00000000600241dc                vTaskEnterCritical = 0x600241dc
                0x0000000060024210                vTaskExitCritical = 0x60024210
                0x00000000600242e0                vTaskList = 0x600242e0
                0x0000000060023770                vTaskMissedYield = 0x60023770
                0x0000000060024b3c                vTaskNotifyGiveFromISR = 0x60024b3c
                0x00000000600231ec                vTaskPlaceOnEventList = 0x600231ec
                0x0000000060023364                vTaskPlaceOnEventListRestricted = 0x60023364
                0x0000000060023290                vTaskPlaceOnUnorderedEventList = 0x60023290
                0x0000000060023f68                vTaskPriorityInherit = 0x60023f68
                0x0000000060022454                vTaskPrioritySet = 0x60022454
                0x00000000600227cc                vTaskResume = 0x600227cc
                0x00000000600237c0                vTaskSetTaskNumber = 0x600237c0
                0x0000000060023634                vTaskSetTimeOutState = 0x60023634
                0x00000000600229d8                vTaskStartScheduler = 0x600229d8
                0x0000000060022640                vTaskSuspend = 0x60022640
                0x0000000060022aa4                vTaskSuspendAll = 0x60022aa4
                0x00000000600230a4                vTaskSwitchContext = 0x600230a4
                0x00000000600256e0                vTimerSetTimerID = 0x600256e0
                0x0000000060026da0                vTunnelTask = 0x60026da0
                0x0000000080000434                waitTimeMs = 0x80000434
                0x00000000600281e4                write = 0x600281e4
                0x0000000060027298                writeGpio = 0x60027298
                0x0000000060028274                write_hex = 0x60028274
                0x00000000800005a4                xActiveTimerList1 = 0x800005a4
                0x00000000800005b8                xActiveTimerList2 = 0x800005b8
                0x0000000080000448                xComPort = 0x80000448
                0x000000008000050c                xDelayedTaskList1 = 0x8000050c
                0x0000000080000520                xDelayedTaskList2 = 0x80000520
                0x000000008000cde4                xEnd = 0x8000cde4
                0x0000000060025b4c                xEventGroupClearBits = 0x60025b4c
                0x000000006002572c                xEventGroupCreate = 0x6002572c
                0x0000000060025bd0                xEventGroupGetBitsFromISR = 0x60025bd0
                0x0000000060025c1c                xEventGroupSetBits = 0x60025c1c
                0x0000000060025774                xEventGroupSync = 0x60025774
                0x0000000060025940                xEventGroupWaitBits = 0x60025940
                0x000000008000042c                xFreeBytesRemaining = 0x8000042c
                0x000000008000cdec                xHeapHasBeenInitialised.1799 = 0x8000cdec
                0x00000000800005d8                xLastTime.2046 = 0x800005d8
                0x000000008000059c                xNextTaskUnblockTime = 0x8000059c
                0x0000000080000594                xNumOfOverflows = 0x80000594
                0x000000008000053c                xPendingReadyList = 0x8000053c
                0x00000000600261ec                xPortGetFreeHeapSize = 0x600261ec
                0x00000000600203a0                xPortStartScheduler = 0x600203a0
                0x0000000060020d08                xQueueCreateCountingSemaphore = 0x60020d08
                0x0000000060020af4                xQueueCreateMutex = 0x60020af4
                0x0000000060020a04                xQueueGenericCreate = 0x60020a04
                0x0000000060021254                xQueueGenericReceive = 0x60021254
                0x00000000600208e4                xQueueGenericReset = 0x600208e4
                0x0000000060020d88                xQueueGenericSend = 0x60020d88
                0x0000000060020fc8                xQueueGenericSendFromISR = 0x60020fc8
                0x0000000060021124                xQueueGiveFromISR = 0x60021124
                0x0000000060020bc0                xQueueGiveMutexRecursive = 0x60020bc0
                0x0000000060021b78                xQueueIsQueueEmptyFromISR = 0x60021b78
                0x0000000060021c08                xQueueIsQueueFullFromISR = 0x60021c08
                0x00000000600215f4                xQueuePeekFromISR = 0x600215f4
                0x00000000600214d4                xQueueReceiveFromISR = 0x600214d4
                0x0000000080000468                xQueueRegistry = 0x80000468
                0x0000000060020c58                xQueueTakeMutexRecursive = 0x60020c58
                0x000000008000ce88                xRxQueue = 0x8000ce88
                0x0000000080000588                xSchedulerRunning = 0x80000588
                0x0000000060027420                xSerialGetChar = 0x60027420
                0x00000000600272e8                xSerialPortInitMinimal = 0x600272e8
                0x0000000060027464                xSerialPutChar = 0x60027464
                0x00000000600274b0                xSerialWaitForSemaphore = 0x600274b0
                0x000000008000cddc                xStart = 0x8000cddc
                0x000000008000cdf0                xStartContext = 0x8000cdf0
                0x0000000080000568                xSuspendedTaskList = 0x80000568
                0x0000000060023678                xTaskCheckForTimeOut = 0x60023678
                0x0000000060021de4                xTaskGenericCreate = 0x60021de4
                0x0000000060024750                xTaskGenericNotify = 0x60024750
                0x0000000060024920                xTaskGenericNotifyFromISR = 0x60024920
                0x0000000060023f00                xTaskGetCurrentTaskHandle = 0x60023f00
                0x0000000060023f20                xTaskGetSchedulerState = 0x60023f20
                0x0000000060022c50                xTaskGetTickCount = 0x60022c50
                0x0000000060022c80                xTaskGetTickCountFromISR = 0x60022c80
                0x0000000060022e68                xTaskIncrementTick = 0x60022e68
                0x0000000060024c98                xTaskNotifyStateClear = 0x60024c98
                0x0000000060024604                xTaskNotifyWait = 0x60024604
                0x00000000600240ac                xTaskPriorityDisinherit = 0x600240ac
                0x000000006002340c                xTaskRemoveFromEventList = 0x6002340c
                0x0000000060023524                xTaskRemoveFromUnorderedEventList = 0x60023524
                0x0000000060022ac0                xTaskResumeAll = 0x60022ac0
                0x00000000600228bc                xTaskResumeFromISR = 0x600228bc
                0x0000000080000550                xTasksWaitingTermination = 0x80000550
                0x0000000080000580                xTickCount = 0x80000580
                0x0000000060024d7c                xTimerCreate = 0x60024d7c
                0x0000000060024d0c                xTimerCreateTimerTask = 0x60024d0c
                0x0000000060024e30                xTimerGenericCommand = 0x60024e30
                0x0000000060025640                xTimerIsTimerActive = 0x60025640
                0x00000000800005d4                xTimerQueue = 0x800005d4
                0x000000008000ce8c                xTxQueue = 0x8000ce8c
                0x0000000080000590                xYieldPending = 0x80000590
LOAD work/c_payload.o
LOAD /home/maarten.int.hout/maarten-tmp/toolchain32/bin/../lib/gcc/riscv32-unknown-elf/6.1.0/libgcc.a
LOAD /home/maarten.int.hout/maarten-tmp/toolchain32/bin/../lib/gcc/riscv32-unknown-elf/6.1.0/libgcc.a
OUTPUT(work/payload.elf elf32-littleriscv)

.comment        0x0000000000000000       0x11
 .comment       0x0000000000000000       0x11 work/c_payload.o
                                         0x12 (size before relaxing)
